// Jest Snapshot v1, https://goo.gl/fbAQLP

exports[`EventCard Tests Compares EventCard to snapshot 1`] = `
ShallowWrapper {
  Symbol(enzyme.__root__): [Circular],
  Symbol(enzyme.__unrendered__): <EventCard
    categories={
      Object {
        "-LAlvCmIWNzYKpa7-7HI": Object {
          "abbreviation": "Lautapelit",
          "logo": "152719272536668394",
          "name": "Lautapelit / Board games",
        },
        "-LCmESny8m9JVEFQ_qOt": Object {
          "abbreviation": "PKM",
          "logo": "152722747904159438",
          "name": "Pokémon",
          "type": "TCG",
        },
        "-LDImTAGxkzrorL0tQdi": Object {
          "abbreviation": "VG",
          "logo": "152719372155055672",
          "name": "Videogames",
        },
        "-LDIw-1LFgiM0EJZGfus": Object {
          "abbreviation": "Necromunda",
          "logo": "15271953483568546",
          "name": "Necromunda",
          "type": "Miniatures",
        },
        "category1": Object {
          "abbreviation": "WH40K",
          "logo": "1527227370219137123",
          "name": "Warhammer 40,000",
          "type": "Miniatures",
        },
        "category2": Object {
          "abbreviation": "MtG",
          "logo": "152722965771313789",
          "name": "Magic: The Gathering",
          "type": "TCG",
        },
      }
    }
    eventId="mockEventId1"
    events={
      Array [
        Object {
          "key": "mockEvent2",
          "value": Object {
            "category": "category2",
            "createDate": "2018-05-20T16:46:32.009Z",
            "date": "2018-05-20",
            "entryFee": "6",
            "format": "Standard",
            "name": "Tapahtuma",
            "notes": "FIJoijgasdsdgasdggagads",
            "playerSlots": "14",
            "prizes": "Foooooooooooooooo",
            "rulesLevel": "Competitive",
            "time": "10:00",
          },
        },
        Object {
          "key": "mockEvent3",
          "value": Object {
            "category": "category2",
            "createDate": "2018-05-20T16:04:29.595Z",
            "date": "2018-05-21",
            "entryFee": "5",
            "format": "Modern",
            "link": "https://magic.wizards.com/en/game-info/gameplay/formats/modern",
            "name": "Monday Modern",
            "notes": "Bring a friend!",
            "playerSlots": "31",
            "prizes": "Three (3) OMG credits per player into the prizepool.",
            "published": true,
            "rulesLevel": "Regular",
            "time": "19:00",
          },
        },
        Object {
          "key": "mockEvent4",
          "value": Object {
            "category": "-LDIw-1LFgiM0EJZGfus",
            "createDate": "2018-05-24T20:58:06.938Z",
            "date": "2018-05-24",
            "entryFee": "5",
            "format": "League",
            "link": "jokulinkki.fi",
            "name": "Necromunda League",
            "notes": "Shame! Shame! Shame! *DING DING DING*",
            "playerSlots": "12",
            "prizes": "I am Loot.",
            "published": true,
            "rulesLevel": "Casual",
            "time": "17:00",
          },
        },
        Object {
          "key": "mockEvent5",
          "value": Object {
            "category": "-LAlvCmIWNzYKpa7-7HI",
            "createDate": "2018-05-24T17:01:53.909Z",
            "date": "2018-05-26",
            "entryFee": "0",
            "format": "Board game",
            "link": "https://geekandsundry.com/international-tabletop-day-april-28-2018/",
            "name": "Lautapeli Lauantai",
            "notes": "Bring a friend and get a surprise gift!",
            "playerSlots": "30",
            "prizes": "A Supi's surprise prize for all participants!",
            "published": true,
            "rulesLevel": "Casual",
            "time": "00:00",
          },
        },
        Object {
          "key": "mockEventId1",
          "value": Object {
            "category": "category1",
            "createDate": "2018-05-24T17:00:46.500Z",
            "date": "2018-09-24",
            "entryFee": "10",
            "format": "Miniatures",
            "link": "http://www.google.fi",
            "name": "Warhammer thing",
            "notes": "Bring your war face!",
            "playerSlots": "10",
            "prizes": "Glory!",
            "published": true,
            "rulesLevel": "Casual",
            "time": "Kill everything",
          },
        },
      ]
    }
    history={
      Object {
        "action": "POP",
        "block": [Function],
        "createHref": [Function],
        "go": [Function],
        "goBack": [Function],
        "goForward": [Function],
        "length": 1,
        "listen": [Function],
        "location": Object {
          "hash": "",
          "pathname": "/",
          "search": "",
          "state": undefined,
        },
        "push": [Function],
        "replace": [Function],
      }
    }
    openModal={[Function]}
    participations={
      Object {
        "mockEventId1": Object {
          "mockUserId": Object {
            "comment": "Jee",
            "date": "2018-06-23T09:40:26.992Z",
            "firstName": "Test",
            "lastName": "Person",
            "userId": "mockUserId",
          },
        },
      }
    }
    profile={
      Object {
        "avatarUrl": "https://foo.com/picture",
        "dciNumber": "123512351112",
        "displayName": "Test Person",
        "email": "fake@fake.com",
        "firstName": "Test",
        "isEmpty": false,
        "isLoaded": true,
        "lastName": "Person",
        "providerData": Array [
          Object {
            "displayName": "Test Person",
            "email": "fake@fake.com",
            "photoURL": "https://foo.com/picture",
            "providerId": "facebook.com",
            "uid": "1234567890",
          },
        ],
        "role": "admin",
      }
    }
    settings={
      Object {
        "activeLogo": "http://foo.com/image.png",
        "dateFormat": "DD.MM.YYYY",
        "pageSubtitle": "",
        "pageTitle": "",
        "subtitleTextColor": "#000",
        "theme": "darkly",
        "titleBarAngle": "150",
        "titleBarColor": "#000",
        "titleBarColor2": "#ec1c22",
        "titleBarPercentage": "50",
        "titleTextColor": "",
      }
    }
    uploadedCategoryLogos={
      Object {
        "152719272536668394": Object {
          "downloadURL": "http://foo.com/image.png",
        },
        "152719372155055672": Object {
          "downloadURL": "http://foo.com/image.png",
        },
        "15271953483568546": Object {
          "downloadURL": "http://foo.com/image.png",
        },
        "1527227370219137123": Object {
          "downloadURL": "http://foo.com/image.png",
        },
        "152722747904159438": Object {
          "downloadURL": "http://foo.com/image.png",
        },
        "152722965771313789": Object {
          "downloadURL": "http://foo.com/image.png",
        },
      }
    }
    userId="mockUserId"
  />,
  Symbol(enzyme.__renderer__): Object {
    "batchedUpdates": [Function],
    "getNode": [Function],
    "render": [Function],
    "simulateEvent": [Function],
    "unmount": [Function],
  },
  Symbol(enzyme.__node__): Object {
    "instance": null,
    "key": undefined,
    "nodeType": "function",
    "props": Object {
      "children": Array [
        false,
        <div
          className="column is-12 eventcard"
        >
          <div
            className="card card-shadow"
          >
            <div
              className="card-content card-title-border"
            >
              <div
                className="media"
              >
                <div
                  className="media-left"
                >
                  <figure
                    className="image is-64x64 event-icon"
                  >
                    <img
                      alt=""
                    />
                  </figure>
                </div>
                <div
                  className="media-content"
                >
                  <p
                    className="title eventheader"
                  >
                    WH40K
                    : 
                    Warhammer thing
                  </p>
                  <p
                    className="subtitle"
                  >
                    24.09.2018 (Monday)
                  </p>
                </div>
              </div>
            </div>
            <div
              className="card-content"
            >
              <div
                className="has-icons-left card-item"
              >
                <span
                  className="tooltip"
                  data-tooltip="Starting time"
                >
                  <i
                    className="fas fa-clock"
                  />
                    
                  Kill everything
                </span>
              </div>
              <div
                className="has-icons-left card-item"
              >
                <span
                  className="tooltip"
                  data-tooltip="Entry fee"
                >
                  <i
                    className="fas fa-money-bill-alt"
                  />
                    
                  10
                   €
                </span>
              </div>
              <div
                className="has-icons-left card-item false"
              >
                <span
                  className="tooltip"
                  data-tooltip="People already enrolled"
                >
                  <i
                    className="fas fa-users"
                  />
                    
                  1
                   
                  <span>
                    / 
                    10
                     
                  </span>
                </span>
              </div>
              <div
                className="has-icons-left card-item"
              >
                <div
                  className="level"
                >
                  <div
                    className="level-left card-footer-items"
                  >
                    <span
                      className="tooltip card-margin-right"
                      data-tooltip="Format"
                    >
                      <i
                        className="fas fa-book"
                      />
                        
                      Miniatures
                       
                    </span>
                  </div>
                  <div
                    className="level-right card-footer-items "
                  >
                    <a
                      className="card-footer-link"
                      onClick={[Function]}
                    >
                      <i
                        className="fas fa-trophy"
                      />
                        
                      <Translate
                        id="allinfo"
                      />
                    </a>
                  </div>
                </div>
              </div>
            </div>
            <CardFooterDesktop
              alreadyParticipated={true}
              eventId="mockEventId1"
              thisParticipation={
                Object {
                  "comment": "Jee",
                  "date": "2018-06-23T09:40:26.992Z",
                  "firstName": "Test",
                  "lastName": "Person",
                  "userId": "mockUserId",
                }
              }
              userId="mockUserId"
            />
            <CardFooterMobile
              alreadyParticipated={true}
              eventId="mockEventId1"
              thisParticipation={
                Object {
                  "comment": "Jee",
                  "date": "2018-06-23T09:40:26.992Z",
                  "firstName": "Test",
                  "lastName": "Person",
                  "userId": "mockUserId",
                }
              }
              userId="mockUserId"
            />
          </div>
          <p>
             
          </p>
        </div>,
      ],
    },
    "ref": null,
    "rendered": Array [
      false,
      Object {
        "instance": null,
        "key": undefined,
        "nodeType": "host",
        "props": Object {
          "children": Array [
            <div
              className="card card-shadow"
            >
              <div
                className="card-content card-title-border"
              >
                <div
                  className="media"
                >
                  <div
                    className="media-left"
                  >
                    <figure
                      className="image is-64x64 event-icon"
                    >
                      <img
                        alt=""
                      />
                    </figure>
                  </div>
                  <div
                    className="media-content"
                  >
                    <p
                      className="title eventheader"
                    >
                      WH40K
                      : 
                      Warhammer thing
                    </p>
                    <p
                      className="subtitle"
                    >
                      24.09.2018 (Monday)
                    </p>
                  </div>
                </div>
              </div>
              <div
                className="card-content"
              >
                <div
                  className="has-icons-left card-item"
                >
                  <span
                    className="tooltip"
                    data-tooltip="Starting time"
                  >
                    <i
                      className="fas fa-clock"
                    />
                      
                    Kill everything
                  </span>
                </div>
                <div
                  className="has-icons-left card-item"
                >
                  <span
                    className="tooltip"
                    data-tooltip="Entry fee"
                  >
                    <i
                      className="fas fa-money-bill-alt"
                    />
                      
                    10
                     €
                  </span>
                </div>
                <div
                  className="has-icons-left card-item false"
                >
                  <span
                    className="tooltip"
                    data-tooltip="People already enrolled"
                  >
                    <i
                      className="fas fa-users"
                    />
                      
                    1
                     
                    <span>
                      / 
                      10
                       
                    </span>
                  </span>
                </div>
                <div
                  className="has-icons-left card-item"
                >
                  <div
                    className="level"
                  >
                    <div
                      className="level-left card-footer-items"
                    >
                      <span
                        className="tooltip card-margin-right"
                        data-tooltip="Format"
                      >
                        <i
                          className="fas fa-book"
                        />
                          
                        Miniatures
                         
                      </span>
                    </div>
                    <div
                      className="level-right card-footer-items "
                    >
                      <a
                        className="card-footer-link"
                        onClick={[Function]}
                      >
                        <i
                          className="fas fa-trophy"
                        />
                          
                        <Translate
                          id="allinfo"
                        />
                      </a>
                    </div>
                  </div>
                </div>
              </div>
              <CardFooterDesktop
                alreadyParticipated={true}
                eventId="mockEventId1"
                thisParticipation={
                  Object {
                    "comment": "Jee",
                    "date": "2018-06-23T09:40:26.992Z",
                    "firstName": "Test",
                    "lastName": "Person",
                    "userId": "mockUserId",
                  }
                }
                userId="mockUserId"
              />
              <CardFooterMobile
                alreadyParticipated={true}
                eventId="mockEventId1"
                thisParticipation={
                  Object {
                    "comment": "Jee",
                    "date": "2018-06-23T09:40:26.992Z",
                    "firstName": "Test",
                    "lastName": "Person",
                    "userId": "mockUserId",
                  }
                }
                userId="mockUserId"
              />
            </div>,
            <p>
               
            </p>,
            false,
          ],
          "className": "column is-12 eventcard",
        },
        "ref": null,
        "rendered": Array [
          Object {
            "instance": null,
            "key": undefined,
            "nodeType": "host",
            "props": Object {
              "children": Array [
                <div
                  className="card-content card-title-border"
                >
                  <div
                    className="media"
                  >
                    <div
                      className="media-left"
                    >
                      <figure
                        className="image is-64x64 event-icon"
                      >
                        <img
                          alt=""
                        />
                      </figure>
                    </div>
                    <div
                      className="media-content"
                    >
                      <p
                        className="title eventheader"
                      >
                        WH40K
                        : 
                        Warhammer thing
                      </p>
                      <p
                        className="subtitle"
                      >
                        24.09.2018 (Monday)
                      </p>
                    </div>
                  </div>
                </div>,
                <div
                  className="card-content"
                >
                  <div
                    className="has-icons-left card-item"
                  >
                    <span
                      className="tooltip"
                      data-tooltip="Starting time"
                    >
                      <i
                        className="fas fa-clock"
                      />
                        
                      Kill everything
                    </span>
                  </div>
                  <div
                    className="has-icons-left card-item"
                  >
                    <span
                      className="tooltip"
                      data-tooltip="Entry fee"
                    >
                      <i
                        className="fas fa-money-bill-alt"
                      />
                        
                      10
                       €
                    </span>
                  </div>
                  <div
                    className="has-icons-left card-item false"
                  >
                    <span
                      className="tooltip"
                      data-tooltip="People already enrolled"
                    >
                      <i
                        className="fas fa-users"
                      />
                        
                      1
                       
                      <span>
                        / 
                        10
                         
                      </span>
                    </span>
                  </div>
                  <div
                    className="has-icons-left card-item"
                  >
                    <div
                      className="level"
                    >
                      <div
                        className="level-left card-footer-items"
                      >
                        <span
                          className="tooltip card-margin-right"
                          data-tooltip="Format"
                        >
                          <i
                            className="fas fa-book"
                          />
                            
                          Miniatures
                           
                        </span>
                      </div>
                      <div
                        className="level-right card-footer-items "
                      >
                        <a
                          className="card-footer-link"
                          onClick={[Function]}
                        >
                          <i
                            className="fas fa-trophy"
                          />
                            
                          <Translate
                            id="allinfo"
                          />
                        </a>
                      </div>
                    </div>
                  </div>
                </div>,
                <CardFooterDesktop
                  alreadyParticipated={true}
                  eventId="mockEventId1"
                  thisParticipation={
                    Object {
                      "comment": "Jee",
                      "date": "2018-06-23T09:40:26.992Z",
                      "firstName": "Test",
                      "lastName": "Person",
                      "userId": "mockUserId",
                    }
                  }
                  userId="mockUserId"
                />,
                <CardFooterMobile
                  alreadyParticipated={true}
                  eventId="mockEventId1"
                  thisParticipation={
                    Object {
                      "comment": "Jee",
                      "date": "2018-06-23T09:40:26.992Z",
                      "firstName": "Test",
                      "lastName": "Person",
                      "userId": "mockUserId",
                    }
                  }
                  userId="mockUserId"
                />,
              ],
              "className": "card card-shadow",
            },
            "ref": null,
            "rendered": Array [
              Object {
                "instance": null,
                "key": undefined,
                "nodeType": "host",
                "props": Object {
                  "children": <div
                    className="media"
                  >
                    <div
                      className="media-left"
                    >
                      <figure
                        className="image is-64x64 event-icon"
                      >
                        <img
                          alt=""
                        />
                      </figure>
                    </div>
                    <div
                      className="media-content"
                    >
                      <p
                        className="title eventheader"
                      >
                        WH40K
                        : 
                        Warhammer thing
                      </p>
                      <p
                        className="subtitle"
                      >
                        24.09.2018 (Monday)
                      </p>
                    </div>
                  </div>,
                  "className": "card-content card-title-border",
                },
                "ref": null,
                "rendered": Object {
                  "instance": null,
                  "key": undefined,
                  "nodeType": "host",
                  "props": Object {
                    "children": Array [
                      <div
                        className="media-left"
                      >
                        <figure
                          className="image is-64x64 event-icon"
                        >
                          <img
                            alt=""
                          />
                        </figure>
                      </div>,
                      <div
                        className="media-content"
                      >
                        <p
                          className="title eventheader"
                        >
                          WH40K
                          : 
                          Warhammer thing
                        </p>
                        <p
                          className="subtitle"
                        >
                          24.09.2018 (Monday)
                        </p>
                      </div>,
                    ],
                    "className": "media",
                  },
                  "ref": null,
                  "rendered": Array [
                    Object {
                      "instance": null,
                      "key": undefined,
                      "nodeType": "host",
                      "props": Object {
                        "children": <figure
                          className="image is-64x64 event-icon"
                        >
                          <img
                            alt=""
                          />
                        </figure>,
                        "className": "media-left",
                      },
                      "ref": null,
                      "rendered": Object {
                        "instance": null,
                        "key": undefined,
                        "nodeType": "host",
                        "props": Object {
                          "children": <img
                            alt=""
                          />,
                          "className": "image is-64x64 event-icon",
                        },
                        "ref": null,
                        "rendered": Object {
                          "instance": null,
                          "key": undefined,
                          "nodeType": "host",
                          "props": Object {
                            "alt": "",
                            "src": undefined,
                          },
                          "ref": null,
                          "rendered": null,
                          "type": "img",
                        },
                        "type": "figure",
                      },
                      "type": "div",
                    },
                    Object {
                      "instance": null,
                      "key": undefined,
                      "nodeType": "host",
                      "props": Object {
                        "children": Array [
                          <p
                            className="title eventheader"
                          >
                            WH40K
                            : 
                            Warhammer thing
                          </p>,
                          <p
                            className="subtitle"
                          >
                            24.09.2018 (Monday)
                          </p>,
                        ],
                        "className": "media-content",
                      },
                      "ref": null,
                      "rendered": Array [
                        Object {
                          "instance": null,
                          "key": undefined,
                          "nodeType": "host",
                          "props": Object {
                            "children": Array [
                              "WH40K",
                              ": ",
                              "Warhammer thing",
                            ],
                            "className": "title eventheader",
                          },
                          "ref": null,
                          "rendered": Array [
                            "WH40K",
                            ": ",
                            "Warhammer thing",
                          ],
                          "type": "p",
                        },
                        Object {
                          "instance": null,
                          "key": undefined,
                          "nodeType": "host",
                          "props": Object {
                            "children": "24.09.2018 (Monday)",
                            "className": "subtitle",
                          },
                          "ref": null,
                          "rendered": "24.09.2018 (Monday)",
                          "type": "p",
                        },
                      ],
                      "type": "div",
                    },
                  ],
                  "type": "div",
                },
                "type": "div",
              },
              Object {
                "instance": null,
                "key": undefined,
                "nodeType": "host",
                "props": Object {
                  "children": Array [
                    <div
                      className="has-icons-left card-item"
                    >
                      <span
                        className="tooltip"
                        data-tooltip="Starting time"
                      >
                        <i
                          className="fas fa-clock"
                        />
                          
                        Kill everything
                      </span>
                    </div>,
                    <div
                      className="has-icons-left card-item"
                    >
                      <span
                        className="tooltip"
                        data-tooltip="Entry fee"
                      >
                        <i
                          className="fas fa-money-bill-alt"
                        />
                          
                        10
                         €
                      </span>
                    </div>,
                    <div
                      className="has-icons-left card-item false"
                    >
                      <span
                        className="tooltip"
                        data-tooltip="People already enrolled"
                      >
                        <i
                          className="fas fa-users"
                        />
                          
                        1
                         
                        <span>
                          / 
                          10
                           
                        </span>
                      </span>
                    </div>,
                    <div
                      className="has-icons-left card-item"
                    >
                      <div
                        className="level"
                      >
                        <div
                          className="level-left card-footer-items"
                        >
                          <span
                            className="tooltip card-margin-right"
                            data-tooltip="Format"
                          >
                            <i
                              className="fas fa-book"
                            />
                              
                            Miniatures
                             
                          </span>
                        </div>
                        <div
                          className="level-right card-footer-items "
                        >
                          <a
                            className="card-footer-link"
                            onClick={[Function]}
                          >
                            <i
                              className="fas fa-trophy"
                            />
                              
                            <Translate
                              id="allinfo"
                            />
                          </a>
                        </div>
                      </div>
                    </div>,
                  ],
                  "className": "card-content",
                },
                "ref": null,
                "rendered": Array [
                  Object {
                    "instance": null,
                    "key": undefined,
                    "nodeType": "host",
                    "props": Object {
                      "children": <span
                        className="tooltip"
                        data-tooltip="Starting time"
                      >
                        <i
                          className="fas fa-clock"
                        />
                          
                        Kill everything
                      </span>,
                      "className": "has-icons-left card-item",
                    },
                    "ref": null,
                    "rendered": Object {
                      "instance": null,
                      "key": undefined,
                      "nodeType": "host",
                      "props": Object {
                        "children": Array [
                          <i
                            className="fas fa-clock"
                          />,
                          "  ",
                          "Kill everything",
                        ],
                        "className": "tooltip",
                        "data-tooltip": "Starting time",
                      },
                      "ref": null,
                      "rendered": Array [
                        Object {
                          "instance": null,
                          "key": undefined,
                          "nodeType": "host",
                          "props": Object {
                            "className": "fas fa-clock",
                          },
                          "ref": null,
                          "rendered": null,
                          "type": "i",
                        },
                        "  ",
                        "Kill everything",
                      ],
                      "type": "span",
                    },
                    "type": "div",
                  },
                  Object {
                    "instance": null,
                    "key": undefined,
                    "nodeType": "host",
                    "props": Object {
                      "children": <span
                        className="tooltip"
                        data-tooltip="Entry fee"
                      >
                        <i
                          className="fas fa-money-bill-alt"
                        />
                          
                        10
                         €
                      </span>,
                      "className": "has-icons-left card-item",
                    },
                    "ref": null,
                    "rendered": Object {
                      "instance": null,
                      "key": undefined,
                      "nodeType": "host",
                      "props": Object {
                        "children": Array [
                          <i
                            className="fas fa-money-bill-alt"
                          />,
                          "  ",
                          "10",
                          " €",
                        ],
                        "className": "tooltip",
                        "data-tooltip": "Entry fee",
                      },
                      "ref": null,
                      "rendered": Array [
                        Object {
                          "instance": null,
                          "key": undefined,
                          "nodeType": "host",
                          "props": Object {
                            "className": "fas fa-money-bill-alt",
                          },
                          "ref": null,
                          "rendered": null,
                          "type": "i",
                        },
                        "  ",
                        "10",
                        " €",
                      ],
                      "type": "span",
                    },
                    "type": "div",
                  },
                  Object {
                    "instance": null,
                    "key": undefined,
                    "nodeType": "host",
                    "props": Object {
                      "children": <span
                        className="tooltip"
                        data-tooltip="People already enrolled"
                      >
                        <i
                          className="fas fa-users"
                        />
                          
                        1
                         
                        <span>
                          / 
                          10
                           
                        </span>
                      </span>,
                      "className": "has-icons-left card-item false",
                    },
                    "ref": null,
                    "rendered": Object {
                      "instance": null,
                      "key": undefined,
                      "nodeType": "host",
                      "props": Object {
                        "children": Array [
                          <i
                            className="fas fa-users"
                          />,
                          "  ",
                          1,
                          " ",
                          <span>
                            / 
                            10
                             
                          </span>,
                        ],
                        "className": "tooltip",
                        "data-tooltip": "People already enrolled",
                      },
                      "ref": null,
                      "rendered": Array [
                        Object {
                          "instance": null,
                          "key": undefined,
                          "nodeType": "host",
                          "props": Object {
                            "className": "fas fa-users",
                          },
                          "ref": null,
                          "rendered": null,
                          "type": "i",
                        },
                        "  ",
                        1,
                        " ",
                        Object {
                          "instance": null,
                          "key": undefined,
                          "nodeType": "host",
                          "props": Object {
                            "children": Array [
                              "/ ",
                              "10",
                              " ",
                              false,
                            ],
                          },
                          "ref": null,
                          "rendered": Array [
                            "/ ",
                            "10",
                            " ",
                            false,
                          ],
                          "type": "span",
                        },
                      ],
                      "type": "span",
                    },
                    "type": "div",
                  },
                  Object {
                    "instance": null,
                    "key": undefined,
                    "nodeType": "host",
                    "props": Object {
                      "children": <div
                        className="level"
                      >
                        <div
                          className="level-left card-footer-items"
                        >
                          <span
                            className="tooltip card-margin-right"
                            data-tooltip="Format"
                          >
                            <i
                              className="fas fa-book"
                            />
                              
                            Miniatures
                             
                          </span>
                        </div>
                        <div
                          className="level-right card-footer-items "
                        >
                          <a
                            className="card-footer-link"
                            onClick={[Function]}
                          >
                            <i
                              className="fas fa-trophy"
                            />
                              
                            <Translate
                              id="allinfo"
                            />
                          </a>
                        </div>
                      </div>,
                      "className": "has-icons-left card-item",
                    },
                    "ref": null,
                    "rendered": Object {
                      "instance": null,
                      "key": undefined,
                      "nodeType": "host",
                      "props": Object {
                        "children": Array [
                          <div
                            className="level-left card-footer-items"
                          >
                            <span
                              className="tooltip card-margin-right"
                              data-tooltip="Format"
                            >
                              <i
                                className="fas fa-book"
                              />
                                
                              Miniatures
                               
                            </span>
                          </div>,
                          undefined,
                          <div
                            className="level-right card-footer-items "
                          >
                            <a
                              className="card-footer-link"
                              onClick={[Function]}
                            >
                              <i
                                className="fas fa-trophy"
                              />
                                
                              <Translate
                                id="allinfo"
                              />
                            </a>
                          </div>,
                        ],
                        "className": "level",
                      },
                      "ref": null,
                      "rendered": Array [
                        Object {
                          "instance": null,
                          "key": undefined,
                          "nodeType": "host",
                          "props": Object {
                            "children": <span
                              className="tooltip card-margin-right"
                              data-tooltip="Format"
                            >
                              <i
                                className="fas fa-book"
                              />
                                
                              Miniatures
                               
                            </span>,
                            "className": "level-left card-footer-items",
                          },
                          "ref": null,
                          "rendered": Object {
                            "instance": null,
                            "key": undefined,
                            "nodeType": "host",
                            "props": Object {
                              "children": Array [
                                <i
                                  className="fas fa-book"
                                />,
                                "  ",
                                "Miniatures",
                                " ",
                              ],
                              "className": "tooltip card-margin-right",
                              "data-tooltip": "Format",
                            },
                            "ref": null,
                            "rendered": Array [
                              Object {
                                "instance": null,
                                "key": undefined,
                                "nodeType": "host",
                                "props": Object {
                                  "className": "fas fa-book",
                                },
                                "ref": null,
                                "rendered": null,
                                "type": "i",
                              },
                              "  ",
                              "Miniatures",
                              " ",
                            ],
                            "type": "span",
                          },
                          "type": "div",
                        },
                        undefined,
                        Object {
                          "instance": null,
                          "key": undefined,
                          "nodeType": "host",
                          "props": Object {
                            "children": <a
                              className="card-footer-link"
                              onClick={[Function]}
                            >
                              <i
                                className="fas fa-trophy"
                              />
                                
                              <Translate
                                id="allinfo"
                              />
                            </a>,
                            "className": "level-right card-footer-items ",
                          },
                          "ref": null,
                          "rendered": Object {
                            "instance": null,
                            "key": undefined,
                            "nodeType": "host",
                            "props": Object {
                              "children": Array [
                                <i
                                  className="fas fa-trophy"
                                />,
                                "  ",
                                <Translate
                                  id="allinfo"
                                />,
                              ],
                              "className": "card-footer-link",
                              "onClick": [Function],
                            },
                            "ref": null,
                            "rendered": Array [
                              Object {
                                "instance": null,
                                "key": undefined,
                                "nodeType": "host",
                                "props": Object {
                                  "className": "fas fa-trophy",
                                },
                                "ref": null,
                                "rendered": null,
                                "type": "i",
                              },
                              "  ",
                              Object {
                                "instance": null,
                                "key": undefined,
                                "nodeType": "class",
                                "props": Object {
                                  "id": "allinfo",
                                },
                                "ref": null,
                                "rendered": null,
                                "type": [Function],
                              },
                            ],
                            "type": "a",
                          },
                          "type": "div",
                        },
                      ],
                      "type": "div",
                    },
                    "type": "div",
                  },
                ],
                "type": "div",
              },
              Object {
                "instance": null,
                "key": undefined,
                "nodeType": "function",
                "props": Object {
                  "alreadyParticipated": true,
                  "eventId": "mockEventId1",
                  "thisParticipation": Object {
                    "comment": "Jee",
                    "date": "2018-06-23T09:40:26.992Z",
                    "firstName": "Test",
                    "lastName": "Person",
                    "userId": "mockUserId",
                  },
                  "userId": "mockUserId",
                },
                "ref": null,
                "rendered": null,
                "type": [Function],
              },
              Object {
                "instance": null,
                "key": undefined,
                "nodeType": "function",
                "props": Object {
                  "alreadyParticipated": true,
                  "eventId": "mockEventId1",
                  "thisParticipation": Object {
                    "comment": "Jee",
                    "date": "2018-06-23T09:40:26.992Z",
                    "firstName": "Test",
                    "lastName": "Person",
                    "userId": "mockUserId",
                  },
                  "userId": "mockUserId",
                },
                "ref": null,
                "rendered": null,
                "type": [Function],
              },
            ],
            "type": "div",
          },
          Object {
            "instance": null,
            "key": undefined,
            "nodeType": "host",
            "props": Object {
              "children": " ",
            },
            "ref": null,
            "rendered": " ",
            "type": "p",
          },
          false,
        ],
        "type": "div",
      },
    ],
    "type": Symbol(react.fragment),
  },
  Symbol(enzyme.__nodes__): Array [
    Object {
      "instance": null,
      "key": undefined,
      "nodeType": "function",
      "props": Object {
        "children": Array [
          false,
          <div
            className="column is-12 eventcard"
          >
            <div
              className="card card-shadow"
            >
              <div
                className="card-content card-title-border"
              >
                <div
                  className="media"
                >
                  <div
                    className="media-left"
                  >
                    <figure
                      className="image is-64x64 event-icon"
                    >
                      <img
                        alt=""
                      />
                    </figure>
                  </div>
                  <div
                    className="media-content"
                  >
                    <p
                      className="title eventheader"
                    >
                      WH40K
                      : 
                      Warhammer thing
                    </p>
                    <p
                      className="subtitle"
                    >
                      24.09.2018 (Monday)
                    </p>
                  </div>
                </div>
              </div>
              <div
                className="card-content"
              >
                <div
                  className="has-icons-left card-item"
                >
                  <span
                    className="tooltip"
                    data-tooltip="Starting time"
                  >
                    <i
                      className="fas fa-clock"
                    />
                      
                    Kill everything
                  </span>
                </div>
                <div
                  className="has-icons-left card-item"
                >
                  <span
                    className="tooltip"
                    data-tooltip="Entry fee"
                  >
                    <i
                      className="fas fa-money-bill-alt"
                    />
                      
                    10
                     €
                  </span>
                </div>
                <div
                  className="has-icons-left card-item false"
                >
                  <span
                    className="tooltip"
                    data-tooltip="People already enrolled"
                  >
                    <i
                      className="fas fa-users"
                    />
                      
                    1
                     
                    <span>
                      / 
                      10
                       
                    </span>
                  </span>
                </div>
                <div
                  className="has-icons-left card-item"
                >
                  <div
                    className="level"
                  >
                    <div
                      className="level-left card-footer-items"
                    >
                      <span
                        className="tooltip card-margin-right"
                        data-tooltip="Format"
                      >
                        <i
                          className="fas fa-book"
                        />
                          
                        Miniatures
                         
                      </span>
                    </div>
                    <div
                      className="level-right card-footer-items "
                    >
                      <a
                        className="card-footer-link"
                        onClick={[Function]}
                      >
                        <i
                          className="fas fa-trophy"
                        />
                          
                        <Translate
                          id="allinfo"
                        />
                      </a>
                    </div>
                  </div>
                </div>
              </div>
              <CardFooterDesktop
                alreadyParticipated={true}
                eventId="mockEventId1"
                thisParticipation={
                  Object {
                    "comment": "Jee",
                    "date": "2018-06-23T09:40:26.992Z",
                    "firstName": "Test",
                    "lastName": "Person",
                    "userId": "mockUserId",
                  }
                }
                userId="mockUserId"
              />
              <CardFooterMobile
                alreadyParticipated={true}
                eventId="mockEventId1"
                thisParticipation={
                  Object {
                    "comment": "Jee",
                    "date": "2018-06-23T09:40:26.992Z",
                    "firstName": "Test",
                    "lastName": "Person",
                    "userId": "mockUserId",
                  }
                }
                userId="mockUserId"
              />
            </div>
            <p>
               
            </p>
          </div>,
        ],
      },
      "ref": null,
      "rendered": Array [
        false,
        Object {
          "instance": null,
          "key": undefined,
          "nodeType": "host",
          "props": Object {
            "children": Array [
              <div
                className="card card-shadow"
              >
                <div
                  className="card-content card-title-border"
                >
                  <div
                    className="media"
                  >
                    <div
                      className="media-left"
                    >
                      <figure
                        className="image is-64x64 event-icon"
                      >
                        <img
                          alt=""
                        />
                      </figure>
                    </div>
                    <div
                      className="media-content"
                    >
                      <p
                        className="title eventheader"
                      >
                        WH40K
                        : 
                        Warhammer thing
                      </p>
                      <p
                        className="subtitle"
                      >
                        24.09.2018 (Monday)
                      </p>
                    </div>
                  </div>
                </div>
                <div
                  className="card-content"
                >
                  <div
                    className="has-icons-left card-item"
                  >
                    <span
                      className="tooltip"
                      data-tooltip="Starting time"
                    >
                      <i
                        className="fas fa-clock"
                      />
                        
                      Kill everything
                    </span>
                  </div>
                  <div
                    className="has-icons-left card-item"
                  >
                    <span
                      className="tooltip"
                      data-tooltip="Entry fee"
                    >
                      <i
                        className="fas fa-money-bill-alt"
                      />
                        
                      10
                       €
                    </span>
                  </div>
                  <div
                    className="has-icons-left card-item false"
                  >
                    <span
                      className="tooltip"
                      data-tooltip="People already enrolled"
                    >
                      <i
                        className="fas fa-users"
                      />
                        
                      1
                       
                      <span>
                        / 
                        10
                         
                      </span>
                    </span>
                  </div>
                  <div
                    className="has-icons-left card-item"
                  >
                    <div
                      className="level"
                    >
                      <div
                        className="level-left card-footer-items"
                      >
                        <span
                          className="tooltip card-margin-right"
                          data-tooltip="Format"
                        >
                          <i
                            className="fas fa-book"
                          />
                            
                          Miniatures
                           
                        </span>
                      </div>
                      <div
                        className="level-right card-footer-items "
                      >
                        <a
                          className="card-footer-link"
                          onClick={[Function]}
                        >
                          <i
                            className="fas fa-trophy"
                          />
                            
                          <Translate
                            id="allinfo"
                          />
                        </a>
                      </div>
                    </div>
                  </div>
                </div>
                <CardFooterDesktop
                  alreadyParticipated={true}
                  eventId="mockEventId1"
                  thisParticipation={
                    Object {
                      "comment": "Jee",
                      "date": "2018-06-23T09:40:26.992Z",
                      "firstName": "Test",
                      "lastName": "Person",
                      "userId": "mockUserId",
                    }
                  }
                  userId="mockUserId"
                />
                <CardFooterMobile
                  alreadyParticipated={true}
                  eventId="mockEventId1"
                  thisParticipation={
                    Object {
                      "comment": "Jee",
                      "date": "2018-06-23T09:40:26.992Z",
                      "firstName": "Test",
                      "lastName": "Person",
                      "userId": "mockUserId",
                    }
                  }
                  userId="mockUserId"
                />
              </div>,
              <p>
                 
              </p>,
              false,
            ],
            "className": "column is-12 eventcard",
          },
          "ref": null,
          "rendered": Array [
            Object {
              "instance": null,
              "key": undefined,
              "nodeType": "host",
              "props": Object {
                "children": Array [
                  <div
                    className="card-content card-title-border"
                  >
                    <div
                      className="media"
                    >
                      <div
                        className="media-left"
                      >
                        <figure
                          className="image is-64x64 event-icon"
                        >
                          <img
                            alt=""
                          />
                        </figure>
                      </div>
                      <div
                        className="media-content"
                      >
                        <p
                          className="title eventheader"
                        >
                          WH40K
                          : 
                          Warhammer thing
                        </p>
                        <p
                          className="subtitle"
                        >
                          24.09.2018 (Monday)
                        </p>
                      </div>
                    </div>
                  </div>,
                  <div
                    className="card-content"
                  >
                    <div
                      className="has-icons-left card-item"
                    >
                      <span
                        className="tooltip"
                        data-tooltip="Starting time"
                      >
                        <i
                          className="fas fa-clock"
                        />
                          
                        Kill everything
                      </span>
                    </div>
                    <div
                      className="has-icons-left card-item"
                    >
                      <span
                        className="tooltip"
                        data-tooltip="Entry fee"
                      >
                        <i
                          className="fas fa-money-bill-alt"
                        />
                          
                        10
                         €
                      </span>
                    </div>
                    <div
                      className="has-icons-left card-item false"
                    >
                      <span
                        className="tooltip"
                        data-tooltip="People already enrolled"
                      >
                        <i
                          className="fas fa-users"
                        />
                          
                        1
                         
                        <span>
                          / 
                          10
                           
                        </span>
                      </span>
                    </div>
                    <div
                      className="has-icons-left card-item"
                    >
                      <div
                        className="level"
                      >
                        <div
                          className="level-left card-footer-items"
                        >
                          <span
                            className="tooltip card-margin-right"
                            data-tooltip="Format"
                          >
                            <i
                              className="fas fa-book"
                            />
                              
                            Miniatures
                             
                          </span>
                        </div>
                        <div
                          className="level-right card-footer-items "
                        >
                          <a
                            className="card-footer-link"
                            onClick={[Function]}
                          >
                            <i
                              className="fas fa-trophy"
                            />
                              
                            <Translate
                              id="allinfo"
                            />
                          </a>
                        </div>
                      </div>
                    </div>
                  </div>,
                  <CardFooterDesktop
                    alreadyParticipated={true}
                    eventId="mockEventId1"
                    thisParticipation={
                      Object {
                        "comment": "Jee",
                        "date": "2018-06-23T09:40:26.992Z",
                        "firstName": "Test",
                        "lastName": "Person",
                        "userId": "mockUserId",
                      }
                    }
                    userId="mockUserId"
                  />,
                  <CardFooterMobile
                    alreadyParticipated={true}
                    eventId="mockEventId1"
                    thisParticipation={
                      Object {
                        "comment": "Jee",
                        "date": "2018-06-23T09:40:26.992Z",
                        "firstName": "Test",
                        "lastName": "Person",
                        "userId": "mockUserId",
                      }
                    }
                    userId="mockUserId"
                  />,
                ],
                "className": "card card-shadow",
              },
              "ref": null,
              "rendered": Array [
                Object {
                  "instance": null,
                  "key": undefined,
                  "nodeType": "host",
                  "props": Object {
                    "children": <div
                      className="media"
                    >
                      <div
                        className="media-left"
                      >
                        <figure
                          className="image is-64x64 event-icon"
                        >
                          <img
                            alt=""
                          />
                        </figure>
                      </div>
                      <div
                        className="media-content"
                      >
                        <p
                          className="title eventheader"
                        >
                          WH40K
                          : 
                          Warhammer thing
                        </p>
                        <p
                          className="subtitle"
                        >
                          24.09.2018 (Monday)
                        </p>
                      </div>
                    </div>,
                    "className": "card-content card-title-border",
                  },
                  "ref": null,
                  "rendered": Object {
                    "instance": null,
                    "key": undefined,
                    "nodeType": "host",
                    "props": Object {
                      "children": Array [
                        <div
                          className="media-left"
                        >
                          <figure
                            className="image is-64x64 event-icon"
                          >
                            <img
                              alt=""
                            />
                          </figure>
                        </div>,
                        <div
                          className="media-content"
                        >
                          <p
                            className="title eventheader"
                          >
                            WH40K
                            : 
                            Warhammer thing
                          </p>
                          <p
                            className="subtitle"
                          >
                            24.09.2018 (Monday)
                          </p>
                        </div>,
                      ],
                      "className": "media",
                    },
                    "ref": null,
                    "rendered": Array [
                      Object {
                        "instance": null,
                        "key": undefined,
                        "nodeType": "host",
                        "props": Object {
                          "children": <figure
                            className="image is-64x64 event-icon"
                          >
                            <img
                              alt=""
                            />
                          </figure>,
                          "className": "media-left",
                        },
                        "ref": null,
                        "rendered": Object {
                          "instance": null,
                          "key": undefined,
                          "nodeType": "host",
                          "props": Object {
                            "children": <img
                              alt=""
                            />,
                            "className": "image is-64x64 event-icon",
                          },
                          "ref": null,
                          "rendered": Object {
                            "instance": null,
                            "key": undefined,
                            "nodeType": "host",
                            "props": Object {
                              "alt": "",
                              "src": undefined,
                            },
                            "ref": null,
                            "rendered": null,
                            "type": "img",
                          },
                          "type": "figure",
                        },
                        "type": "div",
                      },
                      Object {
                        "instance": null,
                        "key": undefined,
                        "nodeType": "host",
                        "props": Object {
                          "children": Array [
                            <p
                              className="title eventheader"
                            >
                              WH40K
                              : 
                              Warhammer thing
                            </p>,
                            <p
                              className="subtitle"
                            >
                              24.09.2018 (Monday)
                            </p>,
                          ],
                          "className": "media-content",
                        },
                        "ref": null,
                        "rendered": Array [
                          Object {
                            "instance": null,
                            "key": undefined,
                            "nodeType": "host",
                            "props": Object {
                              "children": Array [
                                "WH40K",
                                ": ",
                                "Warhammer thing",
                              ],
                              "className": "title eventheader",
                            },
                            "ref": null,
                            "rendered": Array [
                              "WH40K",
                              ": ",
                              "Warhammer thing",
                            ],
                            "type": "p",
                          },
                          Object {
                            "instance": null,
                            "key": undefined,
                            "nodeType": "host",
                            "props": Object {
                              "children": "24.09.2018 (Monday)",
                              "className": "subtitle",
                            },
                            "ref": null,
                            "rendered": "24.09.2018 (Monday)",
                            "type": "p",
                          },
                        ],
                        "type": "div",
                      },
                    ],
                    "type": "div",
                  },
                  "type": "div",
                },
                Object {
                  "instance": null,
                  "key": undefined,
                  "nodeType": "host",
                  "props": Object {
                    "children": Array [
                      <div
                        className="has-icons-left card-item"
                      >
                        <span
                          className="tooltip"
                          data-tooltip="Starting time"
                        >
                          <i
                            className="fas fa-clock"
                          />
                            
                          Kill everything
                        </span>
                      </div>,
                      <div
                        className="has-icons-left card-item"
                      >
                        <span
                          className="tooltip"
                          data-tooltip="Entry fee"
                        >
                          <i
                            className="fas fa-money-bill-alt"
                          />
                            
                          10
                           €
                        </span>
                      </div>,
                      <div
                        className="has-icons-left card-item false"
                      >
                        <span
                          className="tooltip"
                          data-tooltip="People already enrolled"
                        >
                          <i
                            className="fas fa-users"
                          />
                            
                          1
                           
                          <span>
                            / 
                            10
                             
                          </span>
                        </span>
                      </div>,
                      <div
                        className="has-icons-left card-item"
                      >
                        <div
                          className="level"
                        >
                          <div
                            className="level-left card-footer-items"
                          >
                            <span
                              className="tooltip card-margin-right"
                              data-tooltip="Format"
                            >
                              <i
                                className="fas fa-book"
                              />
                                
                              Miniatures
                               
                            </span>
                          </div>
                          <div
                            className="level-right card-footer-items "
                          >
                            <a
                              className="card-footer-link"
                              onClick={[Function]}
                            >
                              <i
                                className="fas fa-trophy"
                              />
                                
                              <Translate
                                id="allinfo"
                              />
                            </a>
                          </div>
                        </div>
                      </div>,
                    ],
                    "className": "card-content",
                  },
                  "ref": null,
                  "rendered": Array [
                    Object {
                      "instance": null,
                      "key": undefined,
                      "nodeType": "host",
                      "props": Object {
                        "children": <span
                          className="tooltip"
                          data-tooltip="Starting time"
                        >
                          <i
                            className="fas fa-clock"
                          />
                            
                          Kill everything
                        </span>,
                        "className": "has-icons-left card-item",
                      },
                      "ref": null,
                      "rendered": Object {
                        "instance": null,
                        "key": undefined,
                        "nodeType": "host",
                        "props": Object {
                          "children": Array [
                            <i
                              className="fas fa-clock"
                            />,
                            "  ",
                            "Kill everything",
                          ],
                          "className": "tooltip",
                          "data-tooltip": "Starting time",
                        },
                        "ref": null,
                        "rendered": Array [
                          Object {
                            "instance": null,
                            "key": undefined,
                            "nodeType": "host",
                            "props": Object {
                              "className": "fas fa-clock",
                            },
                            "ref": null,
                            "rendered": null,
                            "type": "i",
                          },
                          "  ",
                          "Kill everything",
                        ],
                        "type": "span",
                      },
                      "type": "div",
                    },
                    Object {
                      "instance": null,
                      "key": undefined,
                      "nodeType": "host",
                      "props": Object {
                        "children": <span
                          className="tooltip"
                          data-tooltip="Entry fee"
                        >
                          <i
                            className="fas fa-money-bill-alt"
                          />
                            
                          10
                           €
                        </span>,
                        "className": "has-icons-left card-item",
                      },
                      "ref": null,
                      "rendered": Object {
                        "instance": null,
                        "key": undefined,
                        "nodeType": "host",
                        "props": Object {
                          "children": Array [
                            <i
                              className="fas fa-money-bill-alt"
                            />,
                            "  ",
                            "10",
                            " €",
                          ],
                          "className": "tooltip",
                          "data-tooltip": "Entry fee",
                        },
                        "ref": null,
                        "rendered": Array [
                          Object {
                            "instance": null,
                            "key": undefined,
                            "nodeType": "host",
                            "props": Object {
                              "className": "fas fa-money-bill-alt",
                            },
                            "ref": null,
                            "rendered": null,
                            "type": "i",
                          },
                          "  ",
                          "10",
                          " €",
                        ],
                        "type": "span",
                      },
                      "type": "div",
                    },
                    Object {
                      "instance": null,
                      "key": undefined,
                      "nodeType": "host",
                      "props": Object {
                        "children": <span
                          className="tooltip"
                          data-tooltip="People already enrolled"
                        >
                          <i
                            className="fas fa-users"
                          />
                            
                          1
                           
                          <span>
                            / 
                            10
                             
                          </span>
                        </span>,
                        "className": "has-icons-left card-item false",
                      },
                      "ref": null,
                      "rendered": Object {
                        "instance": null,
                        "key": undefined,
                        "nodeType": "host",
                        "props": Object {
                          "children": Array [
                            <i
                              className="fas fa-users"
                            />,
                            "  ",
                            1,
                            " ",
                            <span>
                              / 
                              10
                               
                            </span>,
                          ],
                          "className": "tooltip",
                          "data-tooltip": "People already enrolled",
                        },
                        "ref": null,
                        "rendered": Array [
                          Object {
                            "instance": null,
                            "key": undefined,
                            "nodeType": "host",
                            "props": Object {
                              "className": "fas fa-users",
                            },
                            "ref": null,
                            "rendered": null,
                            "type": "i",
                          },
                          "  ",
                          1,
                          " ",
                          Object {
                            "instance": null,
                            "key": undefined,
                            "nodeType": "host",
                            "props": Object {
                              "children": Array [
                                "/ ",
                                "10",
                                " ",
                                false,
                              ],
                            },
                            "ref": null,
                            "rendered": Array [
                              "/ ",
                              "10",
                              " ",
                              false,
                            ],
                            "type": "span",
                          },
                        ],
                        "type": "span",
                      },
                      "type": "div",
                    },
                    Object {
                      "instance": null,
                      "key": undefined,
                      "nodeType": "host",
                      "props": Object {
                        "children": <div
                          className="level"
                        >
                          <div
                            className="level-left card-footer-items"
                          >
                            <span
                              className="tooltip card-margin-right"
                              data-tooltip="Format"
                            >
                              <i
                                className="fas fa-book"
                              />
                                
                              Miniatures
                               
                            </span>
                          </div>
                          <div
                            className="level-right card-footer-items "
                          >
                            <a
                              className="card-footer-link"
                              onClick={[Function]}
                            >
                              <i
                                className="fas fa-trophy"
                              />
                                
                              <Translate
                                id="allinfo"
                              />
                            </a>
                          </div>
                        </div>,
                        "className": "has-icons-left card-item",
                      },
                      "ref": null,
                      "rendered": Object {
                        "instance": null,
                        "key": undefined,
                        "nodeType": "host",
                        "props": Object {
                          "children": Array [
                            <div
                              className="level-left card-footer-items"
                            >
                              <span
                                className="tooltip card-margin-right"
                                data-tooltip="Format"
                              >
                                <i
                                  className="fas fa-book"
                                />
                                  
                                Miniatures
                                 
                              </span>
                            </div>,
                            undefined,
                            <div
                              className="level-right card-footer-items "
                            >
                              <a
                                className="card-footer-link"
                                onClick={[Function]}
                              >
                                <i
                                  className="fas fa-trophy"
                                />
                                  
                                <Translate
                                  id="allinfo"
                                />
                              </a>
                            </div>,
                          ],
                          "className": "level",
                        },
                        "ref": null,
                        "rendered": Array [
                          Object {
                            "instance": null,
                            "key": undefined,
                            "nodeType": "host",
                            "props": Object {
                              "children": <span
                                className="tooltip card-margin-right"
                                data-tooltip="Format"
                              >
                                <i
                                  className="fas fa-book"
                                />
                                  
                                Miniatures
                                 
                              </span>,
                              "className": "level-left card-footer-items",
                            },
                            "ref": null,
                            "rendered": Object {
                              "instance": null,
                              "key": undefined,
                              "nodeType": "host",
                              "props": Object {
                                "children": Array [
                                  <i
                                    className="fas fa-book"
                                  />,
                                  "  ",
                                  "Miniatures",
                                  " ",
                                ],
                                "className": "tooltip card-margin-right",
                                "data-tooltip": "Format",
                              },
                              "ref": null,
                              "rendered": Array [
                                Object {
                                  "instance": null,
                                  "key": undefined,
                                  "nodeType": "host",
                                  "props": Object {
                                    "className": "fas fa-book",
                                  },
                                  "ref": null,
                                  "rendered": null,
                                  "type": "i",
                                },
                                "  ",
                                "Miniatures",
                                " ",
                              ],
                              "type": "span",
                            },
                            "type": "div",
                          },
                          undefined,
                          Object {
                            "instance": null,
                            "key": undefined,
                            "nodeType": "host",
                            "props": Object {
                              "children": <a
                                className="card-footer-link"
                                onClick={[Function]}
                              >
                                <i
                                  className="fas fa-trophy"
                                />
                                  
                                <Translate
                                  id="allinfo"
                                />
                              </a>,
                              "className": "level-right card-footer-items ",
                            },
                            "ref": null,
                            "rendered": Object {
                              "instance": null,
                              "key": undefined,
                              "nodeType": "host",
                              "props": Object {
                                "children": Array [
                                  <i
                                    className="fas fa-trophy"
                                  />,
                                  "  ",
                                  <Translate
                                    id="allinfo"
                                  />,
                                ],
                                "className": "card-footer-link",
                                "onClick": [Function],
                              },
                              "ref": null,
                              "rendered": Array [
                                Object {
                                  "instance": null,
                                  "key": undefined,
                                  "nodeType": "host",
                                  "props": Object {
                                    "className": "fas fa-trophy",
                                  },
                                  "ref": null,
                                  "rendered": null,
                                  "type": "i",
                                },
                                "  ",
                                Object {
                                  "instance": null,
                                  "key": undefined,
                                  "nodeType": "class",
                                  "props": Object {
                                    "id": "allinfo",
                                  },
                                  "ref": null,
                                  "rendered": null,
                                  "type": [Function],
                                },
                              ],
                              "type": "a",
                            },
                            "type": "div",
                          },
                        ],
                        "type": "div",
                      },
                      "type": "div",
                    },
                  ],
                  "type": "div",
                },
                Object {
                  "instance": null,
                  "key": undefined,
                  "nodeType": "function",
                  "props": Object {
                    "alreadyParticipated": true,
                    "eventId": "mockEventId1",
                    "thisParticipation": Object {
                      "comment": "Jee",
                      "date": "2018-06-23T09:40:26.992Z",
                      "firstName": "Test",
                      "lastName": "Person",
                      "userId": "mockUserId",
                    },
                    "userId": "mockUserId",
                  },
                  "ref": null,
                  "rendered": null,
                  "type": [Function],
                },
                Object {
                  "instance": null,
                  "key": undefined,
                  "nodeType": "function",
                  "props": Object {
                    "alreadyParticipated": true,
                    "eventId": "mockEventId1",
                    "thisParticipation": Object {
                      "comment": "Jee",
                      "date": "2018-06-23T09:40:26.992Z",
                      "firstName": "Test",
                      "lastName": "Person",
                      "userId": "mockUserId",
                    },
                    "userId": "mockUserId",
                  },
                  "ref": null,
                  "rendered": null,
                  "type": [Function],
                },
              ],
              "type": "div",
            },
            Object {
              "instance": null,
              "key": undefined,
              "nodeType": "host",
              "props": Object {
                "children": " ",
              },
              "ref": null,
              "rendered": " ",
              "type": "p",
            },
            false,
          ],
          "type": "div",
        },
      ],
      "type": Symbol(react.fragment),
    },
  ],
  Symbol(enzyme.__options__): Object {
    "adapter": ReactSixteenAdapter {
      "options": Object {
        "enableComponentDidUpdateOnSetState": true,
        "lifecycles": Object {
          "componentDidUpdate": Object {
            "onSetState": true,
          },
          "getSnapshotBeforeUpdate": true,
        },
      },
    },
    "attachTo": undefined,
    "hydrateIn": undefined,
  },
}
`;
