// Jest Snapshot v1, https://goo.gl/fbAQLP

exports[`EventModal tests Compares EventModal to snapshot 1`] = `
<div
  className="modal is-active"
  id="modalmockEvent1"
  key="modalmockEvent1"
>
  <div
    className="modal-background"
    onClick={[Function]}
  />
  <div
    className="modal-content"
  >
    <div
      className="box is-rounded"
    >
      <div
        className="columns is-multiline"
      >
        <div
          className="column is-9"
        >
          <h1
            className="title has-text-success"
          >
            Warhammer thing
          </h1>
        </div>
        <div
          className="column is-3 has-text-right"
        >
          <figure
            className="image is-64x64 is-pulled-right"
          >
            <img
              alt=""
            />
          </figure>
        </div>
        <div
          className="column is-12"
        >
          <i
            className="fas fa-calendar"
          />
            
          <t
            ago={false}
            calendar={false}
            decimal={false}
            element="time"
            filter={[Function]}
            format="DD.MM.YYYY"
            fromNow={false}
            interval={60000}
            onChange={[Function]}
            titleFormat=""
            toNow={false}
            unit={null}
            unix={false}
            utc={false}
            withTitle={false}
          >
            2018-09-24
          </t>
          <br />
          <i
            className="fas fa-clock"
          />
            
          Kill everything
          <br />
          <i
            className="fas fa-book"
          />
            
          Miniatures
          <br />
          <i
            className="fas fa-balance-scale"
          />
            
          Casual
          <br />
          <i
            className="fas fa-money-bill-alt"
          />
            
          10
          <br />
        </div>
        <Component
          content="Bring your war face!"
          translationKey="notes"
        />
        <Component
          content="Glory!"
          translationKey="prizes"
        />
        <div
          className="column is-12"
        >
          <div
            className="subtitle has-text-info"
          >
            <Translate
              id="link"
            />
          </div>
        </div>
        <div
          className="column is-1"
        />
        <div
          className="column is-11"
        >
          <p>
            <a
              href="http://www.google.fi"
              rel="noopener noreferrer"
              target="_blank"
            >
              http://www.google.fi
            </a>
          </p>
        </div>
        <div
          className="column is-12"
        >
          <div
            className="subtitle has-text-info"
          >
            <Translate
              id="participants"
            />
             (
            0
             /
             
            10
            )
          </div>
        </div>
        <div
          className="column is-1"
        />
        <div
          className="column is-11"
        >
          <Component
            maxParticipants={10}
            participations={Array []}
          />
        </div>
      </div>
    </div>
  </div>
  <button
    aria-label="close"
    className="modal-close is-large"
    onClick={[Function]}
  />
</div>
`;
