// Jest Snapshot v1, https://goo.gl/fbAQLP

exports[`EventModal tests Compares EventModal to snapshot 1`] = `
ShallowWrapper {
  "length": 1,
  Symbol(enzyme.__root__): [Circular],
  Symbol(enzyme.__unrendered__): <EventModal
    closeModal={[Function]}
    eventContent={
      Object {
        "category": "category1",
        "createDate": "2018-05-24T17:00:46.500Z",
        "date": "2018-09-24",
        "entryFee": "10",
        "format": "Miniatures",
        "link": "http://www.google.fi",
        "name": "Warhammer thing",
        "notes": "Bring your war face!",
        "playerSlots": "10",
        "prizes": "Glory!",
        "published": true,
        "rulesLevel": "Casual",
        "time": "Kill everything",
      }
    }
    eventId="mockEventId1"
    participations={
      Array [
        Object {
          "mockEventId1": Object {
            "mockUserId": Object {
              "comment": "Jee",
              "date": "2018-06-23T09:40:26.992Z",
              "firstName": "Test",
              "lastName": "Person",
              "userId": "mockUserId",
            },
          },
        },
      ]
    }
  />,
  Symbol(enzyme.__renderer__): Object {
    "batchedUpdates": [Function],
    "getNode": [Function],
    "render": [Function],
    "simulateEvent": [Function],
    "unmount": [Function],
  },
  Symbol(enzyme.__node__): Object {
    "instance": null,
    "key": "modalmockEventId1",
    "nodeType": "host",
    "props": Object {
      "children": Array [
        <div
          className="modal-background"
          onClick={[Function]}
        />,
        <div
          className="modal-content"
        >
          <div
            className="box is-rounded"
          >
            <div
              className="columns is-multiline"
            >
              <ModalItem
                content="Bring your war face!"
                translationKey="notes"
              />
              <ModalItem
                content="Glory!"
                translationKey="prizes"
              />
              <div
                className="column is-12"
              >
                <div
                  className="title"
                >
                  <Translate
                    id="link"
                  />
                </div>
                <p>
                  <a
                    href="http://www.google.fi"
                  >
                    http://www.google.fi
                  </a>
                </p>
              </div>
              <div
                className="column is-12"
              >
                <div>
                  <div
                    className="title"
                  >
                    <Translate
                      id="participants"
                    />
                  </div>
                  <ParticipantList
                    participations={
                      Array [
                        Object {
                          "mockEventId1": Object {
                            "mockUserId": Object {
                              "comment": "Jee",
                              "date": "2018-06-23T09:40:26.992Z",
                              "firstName": "Test",
                              "lastName": "Person",
                              "userId": "mockUserId",
                            },
                          },
                        },
                      ]
                    }
                  />
                </div>
              </div>
            </div>
          </div>
        </div>,
        <button
          aria-label="close"
          className="modal-close is-large"
          onClick={[Function]}
        />,
      ],
      "className": "modal",
      "id": "modalmockEventId1",
    },
    "ref": null,
    "rendered": Array [
      Object {
        "instance": null,
        "key": undefined,
        "nodeType": "host",
        "props": Object {
          "className": "modal-background",
          "onClick": [Function],
        },
        "ref": null,
        "rendered": null,
        "type": "div",
      },
      Object {
        "instance": null,
        "key": undefined,
        "nodeType": "host",
        "props": Object {
          "children": <div
            className="box is-rounded"
          >
            <div
              className="columns is-multiline"
            >
              <ModalItem
                content="Bring your war face!"
                translationKey="notes"
              />
              <ModalItem
                content="Glory!"
                translationKey="prizes"
              />
              <div
                className="column is-12"
              >
                <div
                  className="title"
                >
                  <Translate
                    id="link"
                  />
                </div>
                <p>
                  <a
                    href="http://www.google.fi"
                  >
                    http://www.google.fi
                  </a>
                </p>
              </div>
              <div
                className="column is-12"
              >
                <div>
                  <div
                    className="title"
                  >
                    <Translate
                      id="participants"
                    />
                  </div>
                  <ParticipantList
                    participations={
                      Array [
                        Object {
                          "mockEventId1": Object {
                            "mockUserId": Object {
                              "comment": "Jee",
                              "date": "2018-06-23T09:40:26.992Z",
                              "firstName": "Test",
                              "lastName": "Person",
                              "userId": "mockUserId",
                            },
                          },
                        },
                      ]
                    }
                  />
                </div>
              </div>
            </div>
          </div>,
          "className": "modal-content",
        },
        "ref": null,
        "rendered": Object {
          "instance": null,
          "key": undefined,
          "nodeType": "host",
          "props": Object {
            "children": <div
              className="columns is-multiline"
            >
              <ModalItem
                content="Bring your war face!"
                translationKey="notes"
              />
              <ModalItem
                content="Glory!"
                translationKey="prizes"
              />
              <div
                className="column is-12"
              >
                <div
                  className="title"
                >
                  <Translate
                    id="link"
                  />
                </div>
                <p>
                  <a
                    href="http://www.google.fi"
                  >
                    http://www.google.fi
                  </a>
                </p>
              </div>
              <div
                className="column is-12"
              >
                <div>
                  <div
                    className="title"
                  >
                    <Translate
                      id="participants"
                    />
                  </div>
                  <ParticipantList
                    participations={
                      Array [
                        Object {
                          "mockEventId1": Object {
                            "mockUserId": Object {
                              "comment": "Jee",
                              "date": "2018-06-23T09:40:26.992Z",
                              "firstName": "Test",
                              "lastName": "Person",
                              "userId": "mockUserId",
                            },
                          },
                        },
                      ]
                    }
                  />
                </div>
              </div>
            </div>,
            "className": "box is-rounded",
          },
          "ref": null,
          "rendered": Object {
            "instance": null,
            "key": undefined,
            "nodeType": "host",
            "props": Object {
              "children": Array [
                <ModalItem
                  content="Bring your war face!"
                  translationKey="notes"
                />,
                <ModalItem
                  content="Glory!"
                  translationKey="prizes"
                />,
                <div
                  className="column is-12"
                >
                  <div
                    className="title"
                  >
                    <Translate
                      id="link"
                    />
                  </div>
                  <p>
                    <a
                      href="http://www.google.fi"
                    >
                      http://www.google.fi
                    </a>
                  </p>
                </div>,
                <div
                  className="column is-12"
                >
                  <div>
                    <div
                      className="title"
                    >
                      <Translate
                        id="participants"
                      />
                    </div>
                    <ParticipantList
                      participations={
                        Array [
                          Object {
                            "mockEventId1": Object {
                              "mockUserId": Object {
                                "comment": "Jee",
                                "date": "2018-06-23T09:40:26.992Z",
                                "firstName": "Test",
                                "lastName": "Person",
                                "userId": "mockUserId",
                              },
                            },
                          },
                        ]
                      }
                    />
                  </div>
                </div>,
              ],
              "className": "columns is-multiline",
            },
            "ref": null,
            "rendered": Array [
              Object {
                "instance": null,
                "key": undefined,
                "nodeType": "function",
                "props": Object {
                  "content": "Bring your war face!",
                  "translationKey": "notes",
                },
                "ref": null,
                "rendered": null,
                "type": [Function],
              },
              Object {
                "instance": null,
                "key": undefined,
                "nodeType": "function",
                "props": Object {
                  "content": "Glory!",
                  "translationKey": "prizes",
                },
                "ref": null,
                "rendered": null,
                "type": [Function],
              },
              Object {
                "instance": null,
                "key": undefined,
                "nodeType": "host",
                "props": Object {
                  "children": Array [
                    <div
                      className="title"
                    >
                      <Translate
                        id="link"
                      />
                    </div>,
                    <p>
                      <a
                        href="http://www.google.fi"
                      >
                        http://www.google.fi
                      </a>
                    </p>,
                  ],
                  "className": "column is-12",
                },
                "ref": null,
                "rendered": Array [
                  Object {
                    "instance": null,
                    "key": undefined,
                    "nodeType": "host",
                    "props": Object {
                      "children": <Translate
                        id="link"
                      />,
                      "className": "title",
                    },
                    "ref": null,
                    "rendered": Object {
                      "instance": null,
                      "key": undefined,
                      "nodeType": "class",
                      "props": Object {
                        "id": "link",
                      },
                      "ref": null,
                      "rendered": null,
                      "type": [Function],
                    },
                    "type": "div",
                  },
                  Object {
                    "instance": null,
                    "key": undefined,
                    "nodeType": "host",
                    "props": Object {
                      "children": <a
                        href="http://www.google.fi"
                      >
                        http://www.google.fi
                      </a>,
                    },
                    "ref": null,
                    "rendered": Object {
                      "instance": null,
                      "key": undefined,
                      "nodeType": "host",
                      "props": Object {
                        "children": "http://www.google.fi",
                        "href": "http://www.google.fi",
                      },
                      "ref": null,
                      "rendered": "http://www.google.fi",
                      "type": "a",
                    },
                    "type": "p",
                  },
                ],
                "type": "div",
              },
              Object {
                "instance": null,
                "key": undefined,
                "nodeType": "host",
                "props": Object {
                  "children": <div>
                    <div
                      className="title"
                    >
                      <Translate
                        id="participants"
                      />
                    </div>
                    <ParticipantList
                      participations={
                        Array [
                          Object {
                            "mockEventId1": Object {
                              "mockUserId": Object {
                                "comment": "Jee",
                                "date": "2018-06-23T09:40:26.992Z",
                                "firstName": "Test",
                                "lastName": "Person",
                                "userId": "mockUserId",
                              },
                            },
                          },
                        ]
                      }
                    />
                  </div>,
                  "className": "column is-12",
                },
                "ref": null,
                "rendered": Object {
                  "instance": null,
                  "key": undefined,
                  "nodeType": "host",
                  "props": Object {
                    "children": Array [
                      <div
                        className="title"
                      >
                        <Translate
                          id="participants"
                        />
                      </div>,
                      <ParticipantList
                        participations={
                          Array [
                            Object {
                              "mockEventId1": Object {
                                "mockUserId": Object {
                                  "comment": "Jee",
                                  "date": "2018-06-23T09:40:26.992Z",
                                  "firstName": "Test",
                                  "lastName": "Person",
                                  "userId": "mockUserId",
                                },
                              },
                            },
                          ]
                        }
                      />,
                    ],
                  },
                  "ref": null,
                  "rendered": Array [
                    Object {
                      "instance": null,
                      "key": undefined,
                      "nodeType": "host",
                      "props": Object {
                        "children": <Translate
                          id="participants"
                        />,
                        "className": "title",
                      },
                      "ref": null,
                      "rendered": Object {
                        "instance": null,
                        "key": undefined,
                        "nodeType": "class",
                        "props": Object {
                          "id": "participants",
                        },
                        "ref": null,
                        "rendered": null,
                        "type": [Function],
                      },
                      "type": "div",
                    },
                    Object {
                      "instance": null,
                      "key": undefined,
                      "nodeType": "function",
                      "props": Object {
                        "participations": Array [
                          Object {
                            "mockEventId1": Object {
                              "mockUserId": Object {
                                "comment": "Jee",
                                "date": "2018-06-23T09:40:26.992Z",
                                "firstName": "Test",
                                "lastName": "Person",
                                "userId": "mockUserId",
                              },
                            },
                          },
                        ],
                      },
                      "ref": null,
                      "rendered": null,
                      "type": [Function],
                    },
                  ],
                  "type": "div",
                },
                "type": "div",
              },
            ],
            "type": "div",
          },
          "type": "div",
        },
        "type": "div",
      },
      Object {
        "instance": null,
        "key": undefined,
        "nodeType": "host",
        "props": Object {
          "aria-label": "close",
          "className": "modal-close is-large",
          "onClick": [Function],
        },
        "ref": null,
        "rendered": null,
        "type": "button",
      },
    ],
    "type": "div",
  },
  Symbol(enzyme.__nodes__): Array [
    Object {
      "instance": null,
      "key": "modalmockEventId1",
      "nodeType": "host",
      "props": Object {
        "children": Array [
          <div
            className="modal-background"
            onClick={[Function]}
          />,
          <div
            className="modal-content"
          >
            <div
              className="box is-rounded"
            >
              <div
                className="columns is-multiline"
              >
                <ModalItem
                  content="Bring your war face!"
                  translationKey="notes"
                />
                <ModalItem
                  content="Glory!"
                  translationKey="prizes"
                />
                <div
                  className="column is-12"
                >
                  <div
                    className="title"
                  >
                    <Translate
                      id="link"
                    />
                  </div>
                  <p>
                    <a
                      href="http://www.google.fi"
                    >
                      http://www.google.fi
                    </a>
                  </p>
                </div>
                <div
                  className="column is-12"
                >
                  <div>
                    <div
                      className="title"
                    >
                      <Translate
                        id="participants"
                      />
                    </div>
                    <ParticipantList
                      participations={
                        Array [
                          Object {
                            "mockEventId1": Object {
                              "mockUserId": Object {
                                "comment": "Jee",
                                "date": "2018-06-23T09:40:26.992Z",
                                "firstName": "Test",
                                "lastName": "Person",
                                "userId": "mockUserId",
                              },
                            },
                          },
                        ]
                      }
                    />
                  </div>
                </div>
              </div>
            </div>
          </div>,
          <button
            aria-label="close"
            className="modal-close is-large"
            onClick={[Function]}
          />,
        ],
        "className": "modal",
        "id": "modalmockEventId1",
      },
      "ref": null,
      "rendered": Array [
        Object {
          "instance": null,
          "key": undefined,
          "nodeType": "host",
          "props": Object {
            "className": "modal-background",
            "onClick": [Function],
          },
          "ref": null,
          "rendered": null,
          "type": "div",
        },
        Object {
          "instance": null,
          "key": undefined,
          "nodeType": "host",
          "props": Object {
            "children": <div
              className="box is-rounded"
            >
              <div
                className="columns is-multiline"
              >
                <ModalItem
                  content="Bring your war face!"
                  translationKey="notes"
                />
                <ModalItem
                  content="Glory!"
                  translationKey="prizes"
                />
                <div
                  className="column is-12"
                >
                  <div
                    className="title"
                  >
                    <Translate
                      id="link"
                    />
                  </div>
                  <p>
                    <a
                      href="http://www.google.fi"
                    >
                      http://www.google.fi
                    </a>
                  </p>
                </div>
                <div
                  className="column is-12"
                >
                  <div>
                    <div
                      className="title"
                    >
                      <Translate
                        id="participants"
                      />
                    </div>
                    <ParticipantList
                      participations={
                        Array [
                          Object {
                            "mockEventId1": Object {
                              "mockUserId": Object {
                                "comment": "Jee",
                                "date": "2018-06-23T09:40:26.992Z",
                                "firstName": "Test",
                                "lastName": "Person",
                                "userId": "mockUserId",
                              },
                            },
                          },
                        ]
                      }
                    />
                  </div>
                </div>
              </div>
            </div>,
            "className": "modal-content",
          },
          "ref": null,
          "rendered": Object {
            "instance": null,
            "key": undefined,
            "nodeType": "host",
            "props": Object {
              "children": <div
                className="columns is-multiline"
              >
                <ModalItem
                  content="Bring your war face!"
                  translationKey="notes"
                />
                <ModalItem
                  content="Glory!"
                  translationKey="prizes"
                />
                <div
                  className="column is-12"
                >
                  <div
                    className="title"
                  >
                    <Translate
                      id="link"
                    />
                  </div>
                  <p>
                    <a
                      href="http://www.google.fi"
                    >
                      http://www.google.fi
                    </a>
                  </p>
                </div>
                <div
                  className="column is-12"
                >
                  <div>
                    <div
                      className="title"
                    >
                      <Translate
                        id="participants"
                      />
                    </div>
                    <ParticipantList
                      participations={
                        Array [
                          Object {
                            "mockEventId1": Object {
                              "mockUserId": Object {
                                "comment": "Jee",
                                "date": "2018-06-23T09:40:26.992Z",
                                "firstName": "Test",
                                "lastName": "Person",
                                "userId": "mockUserId",
                              },
                            },
                          },
                        ]
                      }
                    />
                  </div>
                </div>
              </div>,
              "className": "box is-rounded",
            },
            "ref": null,
            "rendered": Object {
              "instance": null,
              "key": undefined,
              "nodeType": "host",
              "props": Object {
                "children": Array [
                  <ModalItem
                    content="Bring your war face!"
                    translationKey="notes"
                  />,
                  <ModalItem
                    content="Glory!"
                    translationKey="prizes"
                  />,
                  <div
                    className="column is-12"
                  >
                    <div
                      className="title"
                    >
                      <Translate
                        id="link"
                      />
                    </div>
                    <p>
                      <a
                        href="http://www.google.fi"
                      >
                        http://www.google.fi
                      </a>
                    </p>
                  </div>,
                  <div
                    className="column is-12"
                  >
                    <div>
                      <div
                        className="title"
                      >
                        <Translate
                          id="participants"
                        />
                      </div>
                      <ParticipantList
                        participations={
                          Array [
                            Object {
                              "mockEventId1": Object {
                                "mockUserId": Object {
                                  "comment": "Jee",
                                  "date": "2018-06-23T09:40:26.992Z",
                                  "firstName": "Test",
                                  "lastName": "Person",
                                  "userId": "mockUserId",
                                },
                              },
                            },
                          ]
                        }
                      />
                    </div>
                  </div>,
                ],
                "className": "columns is-multiline",
              },
              "ref": null,
              "rendered": Array [
                Object {
                  "instance": null,
                  "key": undefined,
                  "nodeType": "function",
                  "props": Object {
                    "content": "Bring your war face!",
                    "translationKey": "notes",
                  },
                  "ref": null,
                  "rendered": null,
                  "type": [Function],
                },
                Object {
                  "instance": null,
                  "key": undefined,
                  "nodeType": "function",
                  "props": Object {
                    "content": "Glory!",
                    "translationKey": "prizes",
                  },
                  "ref": null,
                  "rendered": null,
                  "type": [Function],
                },
                Object {
                  "instance": null,
                  "key": undefined,
                  "nodeType": "host",
                  "props": Object {
                    "children": Array [
                      <div
                        className="title"
                      >
                        <Translate
                          id="link"
                        />
                      </div>,
                      <p>
                        <a
                          href="http://www.google.fi"
                        >
                          http://www.google.fi
                        </a>
                      </p>,
                    ],
                    "className": "column is-12",
                  },
                  "ref": null,
                  "rendered": Array [
                    Object {
                      "instance": null,
                      "key": undefined,
                      "nodeType": "host",
                      "props": Object {
                        "children": <Translate
                          id="link"
                        />,
                        "className": "title",
                      },
                      "ref": null,
                      "rendered": Object {
                        "instance": null,
                        "key": undefined,
                        "nodeType": "class",
                        "props": Object {
                          "id": "link",
                        },
                        "ref": null,
                        "rendered": null,
                        "type": [Function],
                      },
                      "type": "div",
                    },
                    Object {
                      "instance": null,
                      "key": undefined,
                      "nodeType": "host",
                      "props": Object {
                        "children": <a
                          href="http://www.google.fi"
                        >
                          http://www.google.fi
                        </a>,
                      },
                      "ref": null,
                      "rendered": Object {
                        "instance": null,
                        "key": undefined,
                        "nodeType": "host",
                        "props": Object {
                          "children": "http://www.google.fi",
                          "href": "http://www.google.fi",
                        },
                        "ref": null,
                        "rendered": "http://www.google.fi",
                        "type": "a",
                      },
                      "type": "p",
                    },
                  ],
                  "type": "div",
                },
                Object {
                  "instance": null,
                  "key": undefined,
                  "nodeType": "host",
                  "props": Object {
                    "children": <div>
                      <div
                        className="title"
                      >
                        <Translate
                          id="participants"
                        />
                      </div>
                      <ParticipantList
                        participations={
                          Array [
                            Object {
                              "mockEventId1": Object {
                                "mockUserId": Object {
                                  "comment": "Jee",
                                  "date": "2018-06-23T09:40:26.992Z",
                                  "firstName": "Test",
                                  "lastName": "Person",
                                  "userId": "mockUserId",
                                },
                              },
                            },
                          ]
                        }
                      />
                    </div>,
                    "className": "column is-12",
                  },
                  "ref": null,
                  "rendered": Object {
                    "instance": null,
                    "key": undefined,
                    "nodeType": "host",
                    "props": Object {
                      "children": Array [
                        <div
                          className="title"
                        >
                          <Translate
                            id="participants"
                          />
                        </div>,
                        <ParticipantList
                          participations={
                            Array [
                              Object {
                                "mockEventId1": Object {
                                  "mockUserId": Object {
                                    "comment": "Jee",
                                    "date": "2018-06-23T09:40:26.992Z",
                                    "firstName": "Test",
                                    "lastName": "Person",
                                    "userId": "mockUserId",
                                  },
                                },
                              },
                            ]
                          }
                        />,
                      ],
                    },
                    "ref": null,
                    "rendered": Array [
                      Object {
                        "instance": null,
                        "key": undefined,
                        "nodeType": "host",
                        "props": Object {
                          "children": <Translate
                            id="participants"
                          />,
                          "className": "title",
                        },
                        "ref": null,
                        "rendered": Object {
                          "instance": null,
                          "key": undefined,
                          "nodeType": "class",
                          "props": Object {
                            "id": "participants",
                          },
                          "ref": null,
                          "rendered": null,
                          "type": [Function],
                        },
                        "type": "div",
                      },
                      Object {
                        "instance": null,
                        "key": undefined,
                        "nodeType": "function",
                        "props": Object {
                          "participations": Array [
                            Object {
                              "mockEventId1": Object {
                                "mockUserId": Object {
                                  "comment": "Jee",
                                  "date": "2018-06-23T09:40:26.992Z",
                                  "firstName": "Test",
                                  "lastName": "Person",
                                  "userId": "mockUserId",
                                },
                              },
                            },
                          ],
                        },
                        "ref": null,
                        "rendered": null,
                        "type": [Function],
                      },
                    ],
                    "type": "div",
                  },
                  "type": "div",
                },
              ],
              "type": "div",
            },
            "type": "div",
          },
          "type": "div",
        },
        Object {
          "instance": null,
          "key": undefined,
          "nodeType": "host",
          "props": Object {
            "aria-label": "close",
            "className": "modal-close is-large",
            "onClick": [Function],
          },
          "ref": null,
          "rendered": null,
          "type": "button",
        },
      ],
      "type": "div",
    },
  ],
  Symbol(enzyme.__options__): Object {
    "adapter": ReactSixteenAdapter {
      "options": Object {
        "enableComponentDidUpdateOnSetState": true,
      },
    },
  },
}
`;
