// Jest Snapshot v1, https://goo.gl/fbAQLP

exports[`FooterBar tests Snapshot, sponsors not shown 1`] = `
<footer
  className="footer less-bottompadding"
>
  <div
    className="content"
  >
    <div
      className="columns is-multiline"
    >
      <div
        className="column is-12 has-text-centered is-hidden-tablet"
      >
        <Connect(Connect(PrivacyPolicy))
          showAcceptance={false}
        />
      </div>
    </div>
  </div>
</footer>
`;
