// Jest Snapshot v1, https://goo.gl/fbAQLP

exports[`EditableVerticalField Tests Compares EditableVerticalField to snapshot 1`] = `
<div
  className="field"
>
  <label
    className="label false"
  >
    <Translate
      id="label"
    />
  </label>
  <div
    className="field"
  >
    <p
      className="control is-expanded has-icons-right"
    >
      <Translate>
        <Component />
      </Translate>
    </p>
  </div>
</div>
`;
