// Jest Snapshot v1, https://goo.gl/fbAQLP

exports[`EditableField Tests Compares EditableField to snapshot 1`] = `
<div
  className="editablefield field is-horizontal"
>
  <div
    className="field-label is-normal"
  >
    <label
      className="label"
    >
      <Translate
        id="label"
      />
    </label>
  </div>
  <div
    className="field-body"
  >
    <div
      className="field"
    >
      <p
        className="control is-expanded has-icons-left has-icons-right"
      >
        
          <Component />
        
        <span
          className="icon is-small is-left"
        >
          <i
            className="fas fa-lefticon"
          />
        </span>
      </p>
    </div>
  </div>
</div>
`;
