// Jest Snapshot v1, https://goo.gl/fbAQLP

exports[`UserEntry Tests Compares UserEntry to snapshot 1`] = `
ShallowWrapper {
  Symbol(enzyme.__root__): [Circular],
  Symbol(enzyme.__unrendered__): <UserEntry
    openDeleteModal={[Function]}
    openEditModal={[Function]}
    userData={Object {}}
  />,
  Symbol(enzyme.__renderer__): Object {
    "batchedUpdates": [Function],
    "getNode": [Function],
    "render": [Function],
    "simulateEvent": [Function],
    "unmount": [Function],
  },
  Symbol(enzyme.__node__): Object {
    "instance": null,
    "key": undefined,
    "nodeType": "host",
    "props": Object {
      "children": <div
        className="card"
      >
        <div
          className="card-header"
        >
          <div
            className="card-header-title"
          >
             
             - 
          </div>
        </div>
        <div
          className="card-content"
        >
          <ul>
            <li>
              <Translate
                id="email"
              />
              : 
            </li>
            <li>
               
            </li>
            <li>
              <strong>
                <Translate
                  id="storecredit"
                />
              </strong>
            </li>
            <Connect(Connect(CreditAmounts)) />
          </ul>
        </div>
        <div
          className="card-footer"
        >
          <div
            className="card-footer-item button is-primary"
            onClick={[Function]}
          >
            <Translate
              id="edit"
            />
          </div>
          <div
            className="card-footer-item button is-info"
          >
            <Translate
              id="storecredit"
            />
          </div>
          <div
            className="card-footer-item button is-danger"
          >
            <Translate
              id="delete"
            />
          </div>
        </div>
      </div>,
      "className": "userentry column is-half is-one-third-desktop is-one-third-widescreen is-one-quarter-fullhd",
    },
    "ref": null,
    "rendered": Object {
      "instance": null,
      "key": undefined,
      "nodeType": "host",
      "props": Object {
        "children": Array [
          <div
            className="card-header"
          >
            <div
              className="card-header-title"
            >
               
               - 
            </div>
          </div>,
          <div
            className="card-content"
          >
            <ul>
              <li>
                <Translate
                  id="email"
                />
                : 
              </li>
              <li>
                 
              </li>
              <li>
                <strong>
                  <Translate
                    id="storecredit"
                  />
                </strong>
              </li>
              <Connect(Connect(CreditAmounts)) />
            </ul>
          </div>,
          <div
            className="card-footer"
          >
            <div
              className="card-footer-item button is-primary"
              onClick={[Function]}
            >
              <Translate
                id="edit"
              />
            </div>
            <div
              className="card-footer-item button is-info"
            >
              <Translate
                id="storecredit"
              />
            </div>
            <div
              className="card-footer-item button is-danger"
            >
              <Translate
                id="delete"
              />
            </div>
          </div>,
        ],
        "className": "card",
      },
      "ref": null,
      "rendered": Array [
        Object {
          "instance": null,
          "key": undefined,
          "nodeType": "host",
          "props": Object {
            "children": Array [
              <div
                className="card-header-title"
              >
                 
                 - 
              </div>,
              undefined,
            ],
            "className": "card-header",
          },
          "ref": null,
          "rendered": Array [
            Object {
              "instance": null,
              "key": undefined,
              "nodeType": "host",
              "props": Object {
                "children": Array [
                  undefined,
                  " ",
                  undefined,
                  " - ",
                  undefined,
                ],
                "className": "card-header-title",
              },
              "ref": null,
              "rendered": Array [
                undefined,
                " ",
                undefined,
                " - ",
                undefined,
              ],
              "type": "div",
            },
            undefined,
          ],
          "type": "div",
        },
        Object {
          "instance": null,
          "key": undefined,
          "nodeType": "host",
          "props": Object {
            "children": <ul>
              <li>
                <Translate
                  id="email"
                />
                : 
              </li>
              <li>
                 
              </li>
              <li>
                <strong>
                  <Translate
                    id="storecredit"
                  />
                </strong>
              </li>
              <Connect(Connect(CreditAmounts)) />
            </ul>,
            "className": "card-content",
          },
          "ref": null,
          "rendered": Object {
            "instance": null,
            "key": undefined,
            "nodeType": "host",
            "props": Object {
              "children": Array [
                undefined,
                undefined,
                undefined,
                <li>
                  <Translate
                    id="email"
                  />
                  : 
                </li>,
                undefined,
                undefined,
                <li>
                   
                </li>,
                <li>
                  <strong>
                    <Translate
                      id="storecredit"
                    />
                  </strong>
                </li>,
                <Connect(Connect(CreditAmounts)) />,
              ],
            },
            "ref": null,
            "rendered": Array [
              undefined,
              undefined,
              undefined,
              Object {
                "instance": null,
                "key": undefined,
                "nodeType": "host",
                "props": Object {
                  "children": Array [
                    <Translate
                      id="email"
                    />,
                    ": ",
                    undefined,
                  ],
                },
                "ref": null,
                "rendered": Array [
                  Object {
                    "instance": null,
                    "key": undefined,
                    "nodeType": "class",
                    "props": Object {
                      "id": "email",
                    },
                    "ref": null,
                    "rendered": null,
                    "type": [Function],
                  },
                  ": ",
                  undefined,
                ],
                "type": "li",
              },
              undefined,
              undefined,
              Object {
                "instance": null,
                "key": undefined,
                "nodeType": "host",
                "props": Object {
                  "children": " ",
                },
                "ref": null,
                "rendered": " ",
                "type": "li",
              },
              Object {
                "instance": null,
                "key": undefined,
                "nodeType": "host",
                "props": Object {
                  "children": <strong>
                    <Translate
                      id="storecredit"
                    />
                  </strong>,
                },
                "ref": null,
                "rendered": Object {
                  "instance": null,
                  "key": undefined,
                  "nodeType": "host",
                  "props": Object {
                    "children": <Translate
                      id="storecredit"
                    />,
                  },
                  "ref": null,
                  "rendered": Object {
                    "instance": null,
                    "key": undefined,
                    "nodeType": "class",
                    "props": Object {
                      "id": "storecredit",
                    },
                    "ref": null,
                    "rendered": null,
                    "type": [Function],
                  },
                  "type": "strong",
                },
                "type": "li",
              },
              Object {
                "instance": null,
                "key": undefined,
                "nodeType": "class",
                "props": Object {
                  "userId": undefined,
                },
                "ref": null,
                "rendered": null,
                "type": [Function],
              },
            ],
            "type": "ul",
          },
          "type": "div",
        },
        Object {
          "instance": null,
          "key": undefined,
          "nodeType": "host",
          "props": Object {
            "children": Array [
              <div
                className="card-footer-item button is-primary"
                onClick={[Function]}
              >
                <Translate
                  id="edit"
                />
              </div>,
              <div
                className="card-footer-item button is-info"
              >
                <Translate
                  id="storecredit"
                />
              </div>,
              <div
                className="card-footer-item button is-danger"
              >
                <Translate
                  id="delete"
                />
              </div>,
            ],
            "className": "card-footer",
          },
          "ref": null,
          "rendered": Array [
            Object {
              "instance": null,
              "key": undefined,
              "nodeType": "host",
              "props": Object {
                "children": <Translate
                  id="edit"
                />,
                "className": "card-footer-item button is-primary",
                "onClick": [Function],
              },
              "ref": null,
              "rendered": Object {
                "instance": null,
                "key": undefined,
                "nodeType": "class",
                "props": Object {
                  "id": "edit",
                },
                "ref": null,
                "rendered": null,
                "type": [Function],
              },
              "type": "div",
            },
            Object {
              "instance": null,
              "key": undefined,
              "nodeType": "host",
              "props": Object {
                "children": <Translate
                  id="storecredit"
                />,
                "className": "card-footer-item button is-info",
                "onClick": undefined,
              },
              "ref": null,
              "rendered": Object {
                "instance": null,
                "key": undefined,
                "nodeType": "class",
                "props": Object {
                  "id": "storecredit",
                },
                "ref": null,
                "rendered": null,
                "type": [Function],
              },
              "type": "div",
            },
            Object {
              "instance": null,
              "key": undefined,
              "nodeType": "host",
              "props": Object {
                "children": <Translate
                  id="delete"
                />,
                "className": "card-footer-item button is-danger",
                "onClick": undefined,
              },
              "ref": null,
              "rendered": Object {
                "instance": null,
                "key": undefined,
                "nodeType": "class",
                "props": Object {
                  "id": "delete",
                },
                "ref": null,
                "rendered": null,
                "type": [Function],
              },
              "type": "div",
            },
          ],
          "type": "div",
        },
      ],
      "type": "div",
    },
    "type": "div",
  },
  Symbol(enzyme.__nodes__): Array [
    Object {
      "instance": null,
      "key": undefined,
      "nodeType": "host",
      "props": Object {
        "children": <div
          className="card"
        >
          <div
            className="card-header"
          >
            <div
              className="card-header-title"
            >
               
               - 
            </div>
          </div>
          <div
            className="card-content"
          >
            <ul>
              <li>
                <Translate
                  id="email"
                />
                : 
              </li>
              <li>
                 
              </li>
              <li>
                <strong>
                  <Translate
                    id="storecredit"
                  />
                </strong>
              </li>
              <Connect(Connect(CreditAmounts)) />
            </ul>
          </div>
          <div
            className="card-footer"
          >
            <div
              className="card-footer-item button is-primary"
              onClick={[Function]}
            >
              <Translate
                id="edit"
              />
            </div>
            <div
              className="card-footer-item button is-info"
            >
              <Translate
                id="storecredit"
              />
            </div>
            <div
              className="card-footer-item button is-danger"
            >
              <Translate
                id="delete"
              />
            </div>
          </div>
        </div>,
        "className": "userentry column is-half is-one-third-desktop is-one-third-widescreen is-one-quarter-fullhd",
      },
      "ref": null,
      "rendered": Object {
        "instance": null,
        "key": undefined,
        "nodeType": "host",
        "props": Object {
          "children": Array [
            <div
              className="card-header"
            >
              <div
                className="card-header-title"
              >
                 
                 - 
              </div>
            </div>,
            <div
              className="card-content"
            >
              <ul>
                <li>
                  <Translate
                    id="email"
                  />
                  : 
                </li>
                <li>
                   
                </li>
                <li>
                  <strong>
                    <Translate
                      id="storecredit"
                    />
                  </strong>
                </li>
                <Connect(Connect(CreditAmounts)) />
              </ul>
            </div>,
            <div
              className="card-footer"
            >
              <div
                className="card-footer-item button is-primary"
                onClick={[Function]}
              >
                <Translate
                  id="edit"
                />
              </div>
              <div
                className="card-footer-item button is-info"
              >
                <Translate
                  id="storecredit"
                />
              </div>
              <div
                className="card-footer-item button is-danger"
              >
                <Translate
                  id="delete"
                />
              </div>
            </div>,
          ],
          "className": "card",
        },
        "ref": null,
        "rendered": Array [
          Object {
            "instance": null,
            "key": undefined,
            "nodeType": "host",
            "props": Object {
              "children": Array [
                <div
                  className="card-header-title"
                >
                   
                   - 
                </div>,
                undefined,
              ],
              "className": "card-header",
            },
            "ref": null,
            "rendered": Array [
              Object {
                "instance": null,
                "key": undefined,
                "nodeType": "host",
                "props": Object {
                  "children": Array [
                    undefined,
                    " ",
                    undefined,
                    " - ",
                    undefined,
                  ],
                  "className": "card-header-title",
                },
                "ref": null,
                "rendered": Array [
                  undefined,
                  " ",
                  undefined,
                  " - ",
                  undefined,
                ],
                "type": "div",
              },
              undefined,
            ],
            "type": "div",
          },
          Object {
            "instance": null,
            "key": undefined,
            "nodeType": "host",
            "props": Object {
              "children": <ul>
                <li>
                  <Translate
                    id="email"
                  />
                  : 
                </li>
                <li>
                   
                </li>
                <li>
                  <strong>
                    <Translate
                      id="storecredit"
                    />
                  </strong>
                </li>
                <Connect(Connect(CreditAmounts)) />
              </ul>,
              "className": "card-content",
            },
            "ref": null,
            "rendered": Object {
              "instance": null,
              "key": undefined,
              "nodeType": "host",
              "props": Object {
                "children": Array [
                  undefined,
                  undefined,
                  undefined,
                  <li>
                    <Translate
                      id="email"
                    />
                    : 
                  </li>,
                  undefined,
                  undefined,
                  <li>
                     
                  </li>,
                  <li>
                    <strong>
                      <Translate
                        id="storecredit"
                      />
                    </strong>
                  </li>,
                  <Connect(Connect(CreditAmounts)) />,
                ],
              },
              "ref": null,
              "rendered": Array [
                undefined,
                undefined,
                undefined,
                Object {
                  "instance": null,
                  "key": undefined,
                  "nodeType": "host",
                  "props": Object {
                    "children": Array [
                      <Translate
                        id="email"
                      />,
                      ": ",
                      undefined,
                    ],
                  },
                  "ref": null,
                  "rendered": Array [
                    Object {
                      "instance": null,
                      "key": undefined,
                      "nodeType": "class",
                      "props": Object {
                        "id": "email",
                      },
                      "ref": null,
                      "rendered": null,
                      "type": [Function],
                    },
                    ": ",
                    undefined,
                  ],
                  "type": "li",
                },
                undefined,
                undefined,
                Object {
                  "instance": null,
                  "key": undefined,
                  "nodeType": "host",
                  "props": Object {
                    "children": " ",
                  },
                  "ref": null,
                  "rendered": " ",
                  "type": "li",
                },
                Object {
                  "instance": null,
                  "key": undefined,
                  "nodeType": "host",
                  "props": Object {
                    "children": <strong>
                      <Translate
                        id="storecredit"
                      />
                    </strong>,
                  },
                  "ref": null,
                  "rendered": Object {
                    "instance": null,
                    "key": undefined,
                    "nodeType": "host",
                    "props": Object {
                      "children": <Translate
                        id="storecredit"
                      />,
                    },
                    "ref": null,
                    "rendered": Object {
                      "instance": null,
                      "key": undefined,
                      "nodeType": "class",
                      "props": Object {
                        "id": "storecredit",
                      },
                      "ref": null,
                      "rendered": null,
                      "type": [Function],
                    },
                    "type": "strong",
                  },
                  "type": "li",
                },
                Object {
                  "instance": null,
                  "key": undefined,
                  "nodeType": "class",
                  "props": Object {
                    "userId": undefined,
                  },
                  "ref": null,
                  "rendered": null,
                  "type": [Function],
                },
              ],
              "type": "ul",
            },
            "type": "div",
          },
          Object {
            "instance": null,
            "key": undefined,
            "nodeType": "host",
            "props": Object {
              "children": Array [
                <div
                  className="card-footer-item button is-primary"
                  onClick={[Function]}
                >
                  <Translate
                    id="edit"
                  />
                </div>,
                <div
                  className="card-footer-item button is-info"
                >
                  <Translate
                    id="storecredit"
                  />
                </div>,
                <div
                  className="card-footer-item button is-danger"
                >
                  <Translate
                    id="delete"
                  />
                </div>,
              ],
              "className": "card-footer",
            },
            "ref": null,
            "rendered": Array [
              Object {
                "instance": null,
                "key": undefined,
                "nodeType": "host",
                "props": Object {
                  "children": <Translate
                    id="edit"
                  />,
                  "className": "card-footer-item button is-primary",
                  "onClick": [Function],
                },
                "ref": null,
                "rendered": Object {
                  "instance": null,
                  "key": undefined,
                  "nodeType": "class",
                  "props": Object {
                    "id": "edit",
                  },
                  "ref": null,
                  "rendered": null,
                  "type": [Function],
                },
                "type": "div",
              },
              Object {
                "instance": null,
                "key": undefined,
                "nodeType": "host",
                "props": Object {
                  "children": <Translate
                    id="storecredit"
                  />,
                  "className": "card-footer-item button is-info",
                  "onClick": undefined,
                },
                "ref": null,
                "rendered": Object {
                  "instance": null,
                  "key": undefined,
                  "nodeType": "class",
                  "props": Object {
                    "id": "storecredit",
                  },
                  "ref": null,
                  "rendered": null,
                  "type": [Function],
                },
                "type": "div",
              },
              Object {
                "instance": null,
                "key": undefined,
                "nodeType": "host",
                "props": Object {
                  "children": <Translate
                    id="delete"
                  />,
                  "className": "card-footer-item button is-danger",
                  "onClick": undefined,
                },
                "ref": null,
                "rendered": Object {
                  "instance": null,
                  "key": undefined,
                  "nodeType": "class",
                  "props": Object {
                    "id": "delete",
                  },
                  "ref": null,
                  "rendered": null,
                  "type": [Function],
                },
                "type": "div",
              },
            ],
            "type": "div",
          },
        ],
        "type": "div",
      },
      "type": "div",
    },
  ],
  Symbol(enzyme.__options__): Object {
    "adapter": ReactSixteenAdapter {
      "options": Object {
        "enableComponentDidUpdateOnSetState": true,
        "lifecycles": Object {
          "componentDidUpdate": Object {
            "onSetState": true,
          },
          "getSnapshotBeforeUpdate": true,
        },
      },
    },
    "attachTo": undefined,
    "hydrateIn": undefined,
  },
}
`;
